[0;34m===== SYSTEM RESOURCE MONITOR =====[0m
[0;32mCPU & LOAD:[0m
 16:30:01 up 1 day, 15:07,  4 users,  load average: 0.07, 0.10, 0.03

[0;32mMEMORY USAGE:[0m
               total        used        free      shared  buff/cache   available
Mem:           3.7Gi       816Mi       2.8Gi       3.9Mi       159Mi       2.9Gi
Swap:          1.0Gi          0B       1.0Gi

[0;32mDISK USAGE:[0m
Filesystem      Size  Used Avail Use% Mounted on
none            1.9G     0  1.9G   0% /usr/lib/modules/6.6.87.2-microsoft-standard-WSL2
none            1.9G  4.0K  1.9G   1% /mnt/wsl
drivers         238G  177G   62G  75% /usr/lib/wsl/drivers
/dev/sdd       1007G  2.7G  954G   1% /
none            1.9G  476K  1.9G   1% /mnt/wslg
none            1.9G     0  1.9G   0% /usr/lib/wsl/lib
rootfs          1.9G  2.7M  1.9G   1% /init
none            1.9G  560K  1.9G   1% /run
none            1.9G     0  1.9G   0% /run/lock
none            1.9G     0  1.9G   0% /run/shm
none            1.9G   76K  1.9G   1% /mnt/wslg/versions.txt
none            1.9G   76K  1.9G   1% /mnt/wslg/doc
C:\             238G  177G   62G  75% /mnt/c
tmpfs           380M   20K  379M   1% /run/user/1000

[0;32mTOP CPU PROCESSES:[0m
USER         PID %CPU %MEM    VSZ   RSS TTY      STAT START   TIME COMMAND
driel_f+   41609  100  0.1   8332  4224 ?        R    16:30   0:00 ps aux --sort=-%cpu
driel_f+   41605 16.6  0.0   4752  3328 ?        S    16:30   0:00 /bin/bash /home/driel_feby/linux-system-toolkit/scripts/resource_monitor.sh
root       41603 12.5  0.0   6956  3852 ?        S    16:30   0:00 /usr/sbin/CRON -f -P
driel_f+   41604 12.5  0.0   2800  1536 ?        Ss   16:30   0:00 /bin/sh -c /home/driel_feby/linux-system-toolkit/scripts/resource_monitor.sh >> /home/driel_feby/linux-system-toolkit/logs/resource.log
mysql        415  1.6 10.0 2377420 391912 ?      Ssl  May30  38:53 /usr/sbin/mysqld
root          77  1.1  0.4  66828 19016 ?        S<s  May30  27:10 /usr/lib/systemd/systemd-journald
root       41454  0.1  0.3 1830608 13440 ?       Ssl  16:19   0:01 /usr/libexec/wsl-pro-service
root           1  0.1  0.3  22240 12744 ?        Ss   May30   4:07 /sbin/init
root         132  0.1  0.1  25676  6656 ?        Ss   May30   2:28 /usr/lib/systemd/systemd-udevd

[0;32mTOP MEMORY PROCESSES:[0m
USER         PID %CPU %MEM    VSZ   RSS TTY      STAT START   TIME COMMAND
mysql        415  1.6 10.0 2377420 391912 ?      Ssl  May30  38:53 /usr/sbin/mysqld
root         320  0.0  0.5 107008 22144 ?        Ssl  May30   0:00 /usr/bin/python3 /usr/share/unattended-upgrades/unattended-upgrade-shutdown --wait-for-signal
root          77  1.1  0.4  66828 19016 ?        S<s  May30  27:10 /usr/lib/systemd/systemd-journald
root       41454  0.1  0.3 1830608 13440 ?       Ssl  16:19   0:01 /usr/libexec/wsl-pro-service
systemd+     186  0.0  0.3  21460 12800 ?        Ss   May30   0:21 /usr/lib/systemd/systemd-resolved
root           1  0.1  0.3  22240 12744 ?        Ss   May30   4:07 /sbin/init
driel_f+     536  0.0  0.2  20108 10752 ?        Ss   May30   0:17 /usr/lib/systemd/systemd --user
root        7230  0.0  0.2  14960 10528 ?        Ss   May30   0:00 sshd: driel_feby [priv]
root        7331  0.0  0.2  14964 10400 ?        Ss   May30   0:00 sshd: driel_feby [priv]
