[H[2J[3J=========================
[0;32mSYSTEM INFORMATION[0m
=========================
[0;32mHostname:[0m driel
[0;32mCurrent User:[0m driel_feby

[1;33mSystem Uptime:[0m
 23:24:01 up 1 day,  1:14,  5 users,  load average: 0.05, 0.07, 0.08

\033[1;33mMemory Usage:\033[0m
               total        used        free      shared  buff/cache   available
Mem:           3.7Gi       813Mi       2.8Gi       3.9Mi       215Mi       2.9Gi
Swap:          1.0Gi          0B       1.0Gi

\033[1;33mDisk Usage:\033[0m
Filesystem      Size  Used Avail Use% Mounted on
none            1.9G     0  1.9G   0% /usr/lib/modules/6.6.87.2-microsoft-standard-WSL2
none            1.9G  4.0K  1.9G   1% /mnt/wsl
drivers         238G  174G   65G  73% /usr/lib/wsl/drivers
/dev/sdd       1007G  2.6G  954G   1% /
none            1.9G  444K  1.9G   1% /mnt/wslg
none            1.9G     0  1.9G   0% /usr/lib/wsl/lib
rootfs          1.9G  2.7M  1.9G   1% /init
none            1.9G  600K  1.9G   1% /run
none            1.9G     0  1.9G   0% /run/lock
none            1.9G     0  1.9G   0% /run/shm
none            1.9G   76K  1.9G   1% /mnt/wslg/versions.txt
none            1.9G   76K  1.9G   1% /mnt/wslg/doc
C:\             238G  174G   65G  73% /mnt/c
tmpfs           380M   20K  379M   1% /run/user/0
tmpfs           380M   20K  379M   1% /run/user/1000
tmpfs           380M   20K  379M   1% /run/user/1004
