========================================
Linux System Toolkit
========================================

System Information
---------------------------
-Hostname: driel
-Current User: driel_feby
-Uptime:
 14:21:35 up 18:54,  5 users,  load average: 0.09, 0.06, 0.07

-Memory Usage
               total        used        free      shared  buff/cache   available
Mem:           3.7Gi       814Mi       2.4Gi       3.9Mi       576Mi       2.9Gi
Swap:          1.0Gi          0B       1.0Gi

-Disk Usage:
Filesystem      Size  Used Avail Use% Mounted on
none            1.9G     0  1.9G   0% /usr/lib/modules/6.6.87.2-microsoft-standard-WSL2
none            1.9G  4.0K  1.9G   1% /mnt/wsl
drivers         238G  168G   70G  71% /usr/lib/wsl/drivers
/dev/sdd       1007G  2.6G  954G   1% /
none            1.9G  368K  1.9G   1% /mnt/wslg
none            1.9G     0  1.9G   0% /usr/lib/wsl/lib
rootfs          1.9G  2.7M  1.9G   1% /init
none            1.9G  596K  1.9G   1% /run
none            1.9G     0  1.9G   0% /run/lock
none            1.9G     0  1.9G   0% /run/shm
none            1.9G   76K  1.9G   1% /mnt/wslg/versions.txt
none            1.9G   76K  1.9G   1% /mnt/wslg/doc
C:\             238G  168G   70G  71% /mnt/c
tmpfs           380M   20K  379M   1% /run/user/0
tmpfs           380M   20K  379M   1% /run/user/1000
tmpfs           380M   20K  379M   1% /run/user/1004

-Network Information
---------------------------
1: lo: <LOOPBACK,UP,LOWER_UP> mtu 65536 qdisc noqueue state UNKNOWN group default qlen 1000
    link/loopback 00:00:00:00:00:00 brd 00:00:00:00:00:00
    inet 127.0.0.1/8 scope host lo
       valid_lft forever preferred_lft forever
    inet 10.255.255.254/32 brd 10.255.255.254 scope global lo
       valid_lft forever preferred_lft forever
    inet6 ::1/128 scope host 
       valid_lft forever preferred_lft forever
2: eth0: <BROADCAST,MULTICAST,UP,LOWER_UP> mtu 1492 qdisc mq state UP group default qlen 1000
    link/ether 00:15:5d:0c:3d:73 brd ff:ff:ff:ff:ff:ff
    inet 172.29.185.153/20 brd 172.29.191.255 scope global eth0
       valid_lft forever preferred_lft forever
    inet6 fe80::215:5dff:fe0c:3d73/64 scope link 
       valid_lft forever preferred_lft forever

Listening Ports:
Netid State  Recv-Q Send-Q  Local Address:Port  Peer Address:PortProcess
udp   UNCONN 0      0          127.0.0.54:53         0.0.0.0:*          
udp   UNCONN 0      0       127.0.0.53%lo:53         0.0.0.0:*          
udp   UNCONN 0      0      10.255.255.254:53         0.0.0.0:*          
udp   UNCONN 0      0           127.0.0.1:323        0.0.0.0:*          
udp   UNCONN 0      0               [::1]:323           [::]:*          
tcp   LISTEN 0      151         127.0.0.1:3306       0.0.0.0:*          
tcp   LISTEN 0      1000   10.255.255.254:53         0.0.0.0:*          
tcp   LISTEN 0      4096       127.0.0.54:53         0.0.0.0:*          
tcp   LISTEN 0      511           0.0.0.0:80         0.0.0.0:*          
tcp   LISTEN 0      4096          0.0.0.0:22         0.0.0.0:*          
tcp   LISTEN 0      4096    127.0.0.53%lo:53         0.0.0.0:*          
tcp   LISTEN 0      70          127.0.0.1:33060      0.0.0.0:*          
tcp   LISTEN 0      511              [::]:80            [::]:*          
tcp   LISTEN 0      4096             [::]:22            [::]:*          

Internet Connectivity Test
----------------------------
PING google.com (142.251.220.142) 56(84) bytes of data.
64 bytes from mnl07s01-in-f14.1e100.net (142.251.220.142): icmp_seq=1 ttl=114 time=36.1 ms
64 bytes from mnl07s01-in-f14.1e100.net (142.251.220.142): icmp_seq=2 ttl=114 time=25.3 ms
64 bytes from mnl07s01-in-f14.1e100.net (142.251.220.142): icmp_seq=3 ttl=114 time=27.1 ms
64 bytes from mnl07s01-in-f14.1e100.net (142.251.220.142): icmp_seq=4 ttl=114 time=27.2 ms

--- google.com ping statistics ---
4 packets transmitted, 4 received, 0% packet loss, time 3005ms
rtt min/avg/max/mdev = 25.277/28.915/36.131/4.233 ms

Nginx Status
----------------------------
● nginx.service - A high performance web server and a reverse proxy server
     Loaded: loaded (/usr/lib/systemd/system/nginx.service; enabled; preset: enabled)
     Active: active (running) since Thu 2026-05-14 19:04:56 PST; 19h ago
       Docs: man:nginx(8)
    Process: 55006 ExecStartPre=/usr/sbin/nginx -t -q -g daemon on; master_process on; (code=exited, status=0/SUCCESS)
    Process: 55007 ExecStart=/usr/sbin/nginx -g daemon on; master_process on; (code=exited, status=0/SUCCESS)
   Main PID: 55009 (nginx)
      Tasks: 9 (limit: 4536)
     Memory: 6.3M (peak: 7.4M)
        CPU: 261ms
     CGroup: /system.slice/nginx.service
             ├─55009 "nginx: master process /usr/sbin/nginx -g daemon on; master_process on;"
             ├─55010 "nginx: worker process"
             ├─55011 "nginx: worker process"
             ├─55012 "nginx: worker process"
             ├─55013 "nginx: worker process"
             ├─55014 "nginx: worker process"
             ├─55016 "nginx: worker process"
             ├─55017 "nginx: worker process"
             └─55018 "nginx: worker process"

Notice: journal has been rotated since unit was started, output may be incomplete.

Firewall Status
----------------------------
Status: active

To                         Action      From
--                         ------      ----
80                         ALLOW       Anywhere                  
22/tcp                     ALLOW       Anywhere                  
443                        ALLOW       Anywhere                  
23                         DENY        Anywhere                  
880                        DENY        Anywhere                  
80 (v6)                    ALLOW       Anywhere (v6)             
22 (v6)                    ALLOW       Anywhere (v6)             
22/tcp (v6)                ALLOW       Anywhere (v6)             
443 (v6)                   ALLOW       Anywhere (v6)             
23 (v6)                    DENY        Anywhere (v6)             
880 (v6)                   DENY        Anywhere (v6)             

