[H[2J[3J=========================
[0;32mSYSTEM INFORMATION[0m
=========================
[0;32mHostname:[0m driel
[0;32mCurrent User:[0m driel_feby

[1;33mSystem Uptime:[0m
 17:45:58 up  8:13,  1 user,  load average: 0.00, 0.00, 0.00

\033[1;33mMemory Usage:\033[0m
               total        used        free      shared  buff/cache   available
Mem:           3.7Gi       745Mi       2.9Gi       3.6Mi       187Mi       3.0Gi
Swap:          1.0Gi          0B       1.0Gi

\033[1;33mDisk Usage:\033[0m
Filesystem      Size  Used Avail Use% Mounted on
none            1.9G     0  1.9G   0% /usr/lib/modules/6.6.87.2-microsoft-standard-WSL2
none            1.9G  4.0K  1.9G   1% /mnt/wsl
drivers         238G  170G   68G  72% /usr/lib/wsl/drivers
/dev/sdd       1007G  2.6G  954G   1% /
none            1.9G  156K  1.9G   1% /mnt/wslg
none            1.9G     0  1.9G   0% /usr/lib/wsl/lib
rootfs          1.9G  2.7M  1.9G   1% /init
none            1.9G  528K  1.9G   1% /run
none            1.9G     0  1.9G   0% /run/lock
none            1.9G     0  1.9G   0% /run/shm
none            1.9G   76K  1.9G   1% /mnt/wslg/versions.txt
none            1.9G   76K  1.9G   1% /mnt/wslg/doc
C:\             238G  170G   68G  72% /mnt/c
tmpfs           380M   20K  379M   1% /run/user/1000
